Command line invocation:
    /Applications/Xcode.app/Contents/Developer/usr/bin/xcodebuild build -project /Users/qiweili/Desktop/rxlab/linda-assistant/ios/ios.xcodeproj -scheme ios -configuration Debug -destination platform=macOS -derivedDataPath .build -skipPackagePluginValidation -skipMacroValidation CODE_SIGN_IDENTITY=- CODE_SIGNING_REQUIRED=NO CODE_SIGNING_ALLOWED=NO CODE_SIGN_ENTITLEMENTS= ENABLE_HARDENED_RUNTIME=NO ONLY_ACTIVE_ARCH=YES SUPPORTS_MAC_DESIGNED_FOR_IPHONE_IPAD=NO ENABLE_APP_THINNING=NO

Build settings from command line:
    CODE_SIGN_ENTITLEMENTS = 
    CODE_SIGN_IDENTITY = -
    CODE_SIGNING_ALLOWED = NO
    CODE_SIGNING_REQUIRED = NO
    ENABLE_APP_THINNING = NO
    ENABLE_HARDENED_RUNTIME = NO
    ONLY_ACTIVE_ARCH = YES
    SUPPORTS_MAC_DESIGNED_FOR_IPHONE_IPAD = NO

Resolve Package Graph


Resolved source packages:
  cmark-gfm: https://github.com/swiftlang/swift-cmark @ 0.7.1
  SwiftUI-Shimmer: https://github.com/markiv/SwiftUI-Shimmer @ 1.5.1
  SwiftJSONSchema: https://github.com/sirily11/swift-json-schema-macro @ 1.0.2
  NetworkImage: https://github.com/gonzalezreal/NetworkImage @ 6.0.1
  SwiftfulLoadingIndicators: https://github.com/SwiftfulThinking/SwiftfulLoadingIndicators @ 0.0.4
  swift-markdown-ui: https://github.com/gonzalezreal/swift-markdown-ui @ 2.4.1
  swiftui-introspect: https://github.com/siteline/swiftui-introspect @ 1.3.0
  swift-log: https://github.com/apple/swift-log.git @ 1.9.1
  ViewInspector: https://github.com/nalexn/ViewInspector @ 0.10.3
  AssistantCore: /Users/qiweili/Desktop/rxlab/linda-assistant/ios/packages/AssistantCore
  swift-syntax: https://github.com/swiftlang/swift-syntax.git @ 600.0.1
  AgentKit: https://github.com/rxtech-lab/AgentKit.git @ 1.2.2
  JSONSchema: https://github.com/sirily11/swift-json-schema @ 1.0.2
  Splash: https://github.com/JohnSundell/Splash @ 0.16.0
  RxAuthSwift: https://github.com/rxtech-lab/RxAuthSwift.git @ 1.0.3

--- xcodebuild: WARNING: Using the first of multiple matching destinations:
{ platform:macOS, arch:arm64, id:00006041-0010299A0C20801C, name:My Mac }
{ platform:macOS, arch:x86_64, id:00006041-0010299A0C20801C, name:My Mac }
note: Using codesigning identity override: -
ComputePackagePrebuildTargetDependencyGraph

Prepare packages

CreateBuildRequest

SendProjectDescription

CreateBuildOperation

ComputeTargetDependencyGraph
note: Building targets in dependency order
note: Target dependency graph (33 targets)
    Target 'ios' in project 'ios'
        ➜ Explicit dependency on target 'AssistantCore' in project 'AssistantCore'
        ➜ Explicit dependency on target 'AgentKit' in project 'AgentKit'
    Target 'AgentKit' in project 'AgentKit'
        ➜ Explicit dependency on target 'AgentLayout' in project 'AgentKit'
        ➜ Explicit dependency on target 'Agent' in project 'AgentKit'
        ➜ Explicit dependency on target 'JSONSchema' in project 'JSONSchema'
        ➜ Explicit dependency on target 'SwiftJSONSchema' in project 'SwiftJSONSchema'
        ➜ Explicit dependency on target 'SwiftUIIntrospect' in project 'swiftui-introspect'
        ➜ Explicit dependency on target 'Shimmer' in project 'SwiftUI-Shimmer'
        ➜ Explicit dependency on target 'MarkdownUI' in project 'swift-markdown-ui'
        ➜ Explicit dependency on target 'Splash' in project 'Splash'
        ➜ Explicit dependency on target 'SwiftfulLoadingIndicators' in project 'SwiftfulLoadingIndicators'
    Target 'AgentLayout' in project 'AgentKit'
        ➜ Explicit dependency on target 'Agent' in project 'AgentKit'
        ➜ Explicit dependency on target 'JSONSchema' in project 'JSONSchema'
        ➜ Explicit dependency on target 'SwiftJSONSchema' in project 'SwiftJSONSchema'
        ➜ Explicit dependency on target 'SwiftUIIntrospect' in project 'swiftui-introspect'
        ➜ Explicit dependency on target 'Shimmer' in project 'SwiftUI-Shimmer'
        ➜ Explicit dependency on target 'MarkdownUI' in project 'swift-markdown-ui'
        ➜ Explicit dependency on target 'Splash' in project 'Splash'
        ➜ Explicit dependency on target 'SwiftfulLoadingIndicators' in project 'SwiftfulLoadingIndicators'
    Target 'SwiftfulLoadingIndicators' in project 'SwiftfulLoadingIndicators'
        ➜ Explicit dependency on target 'SwiftfulLoadingIndicators' in project 'SwiftfulLoadingIndicators'
    Target 'SwiftfulLoadingIndicators' in project 'SwiftfulLoadingIndicators' (no dependencies)
    Target 'Splash' in project 'Splash'
        ➜ Explicit dependency on target 'Splash' in project 'Splash'
    Target 'Splash' in project 'Splash' (no dependencies)
    Target 'MarkdownUI' in project 'swift-markdown-ui'
        ➜ Explicit dependency on target 'MarkdownUI' in project 'swift-markdown-ui'
        ➜ Explicit dependency on target 'cmark-gfm' in project 'cmark-gfm'
        ➜ Explicit dependency on target 'cmark-gfm-extensions' in project 'cmark-gfm'
        ➜ Explicit dependency on target 'NetworkImage' in project 'NetworkImage'
    Target 'MarkdownUI' in project 'swift-markdown-ui'
        ➜ Explicit dependency on target 'cmark-gfm' in project 'cmark-gfm'
        ➜ Explicit dependency on target 'cmark-gfm-extensions' in project 'cmark-gfm'
        ➜ Explicit dependency on target 'NetworkImage' in project 'NetworkImage'
    Target 'NetworkImage' in project 'NetworkImage'
        ➜ Explicit dependency on target 'NetworkImage' in project 'NetworkImage'
    Target 'NetworkImage' in project 'NetworkImage' (no dependencies)
    Target 'cmark-gfm-extensions' in project 'cmark-gfm'
        ➜ Explicit dependency on target 'cmark-gfm-extensions' in project 'cmark-gfm'
        ➜ Explicit dependency on target 'cmark-gfm' in project 'cmark-gfm'
    Target 'cmark-gfm-extensions' in project 'cmark-gfm'
        ➜ Explicit dependency on target 'cmark-gfm' in project 'cmark-gfm'
    Target 'cmark-gfm' in project 'cmark-gfm'
        ➜ Explicit dependency on target 'cmark-gfm' in project 'cmark-gfm'
    Target 'cmark-gfm' in project 'cmark-gfm' (no dependencies)
    Target 'Shimmer' in project 'SwiftUI-Shimmer'
        ➜ Explicit dependency on target 'Shimmer' in project 'SwiftUI-Shimmer'
    Target 'Shimmer' in project 'SwiftUI-Shimmer' (no dependencies)
    Target 'SwiftUIIntrospect' in project 'swiftui-introspect'
        ➜ Explicit dependency on target 'SwiftUIIntrospect' in project 'swiftui-introspect'
    Target 'SwiftUIIntrospect' in project 'swiftui-introspect' (no dependencies)
    Target 'Agent' in project 'AgentKit'
        ➜ Explicit dependency on target 'JSONSchema' in project 'JSONSchema'
        ➜ Explicit dependency on target 'SwiftJSONSchema' in project 'SwiftJSONSchema'
    Target 'SwiftJSONSchema' in project 'SwiftJSONSchema'
        ➜ Explicit dependency on target 'SwiftJSONSchema' in project 'SwiftJSONSchema'
        ➜ Explicit dependency on target 'SwiftJSONSchemaMacros' in project 'SwiftJSONSchema'
    Target 'SwiftJSONSchema' in project 'SwiftJSONSchema'
        ➜ Explicit dependency on target 'SwiftJSONSchemaMacros' in project 'SwiftJSONSchema'
    Target 'SwiftJSONSchemaMacros' in project 'SwiftJSONSchema' (no dependencies)
    Target 'JSONSchema' in project 'JSONSchema'
        ➜ Explicit dependency on target 'JSONSchema' in project 'JSONSchema'
    Target 'JSONSchema' in project 'JSONSchema' (no dependencies)
    Target 'AssistantCore' in project 'AssistantCore'
        ➜ Explicit dependency on target 'AssistantCore' in project 'AssistantCore'
        ➜ Explicit dependency on target 'RxAuthSwift' in project 'RxAuthSwift'
        ➜ Explicit dependency on target 'RxAuthSwiftUI' in project 'RxAuthSwift'
    Target 'AssistantCore' in project 'AssistantCore'
        ➜ Explicit dependency on target 'RxAuthSwift' in project 'RxAuthSwift'
        ➜ Explicit dependency on target 'RxAuthSwiftUI' in project 'RxAuthSwift'
    Target 'RxAuthSwiftUI' in project 'RxAuthSwift'
        ➜ Explicit dependency on target 'RxAuthSwiftUI' in project 'RxAuthSwift'
        ➜ Explicit dependency on target 'RxAuthSwift' in project 'RxAuthSwift'
        ➜ Explicit dependency on target 'Logging' in project 'swift-log'
    Target 'RxAuthSwiftUI' in project 'RxAuthSwift'
        ➜ Explicit dependency on target 'RxAuthSwift' in project 'RxAuthSwift'
        ➜ Explicit dependency on target 'Logging' in project 'swift-log'
    Target 'RxAuthSwift' in project 'RxAuthSwift'
        ➜ Explicit dependency on target 'RxAuthSwift' in project 'RxAuthSwift'
        ➜ Explicit dependency on target 'Logging' in project 'swift-log'
    Target 'RxAuthSwift' in project 'RxAuthSwift'
        ➜ Explicit dependency on target 'Logging' in project 'swift-log'
    Target 'Logging' in project 'swift-log'
        ➜ Explicit dependency on target 'Logging' in project 'swift-log'
    Target 'Logging' in project 'swift-log' (no dependencies)

GatherProvisioningInputs

CreateBuildDescription

ExecuteExternalTool /Applications/Xcode.app/Contents/Developer/Toolchains/XcodeDefault.xctoolchain/usr/bin/swiftc --version

ExecuteExternalTool /Applications/Xcode.app/Contents/Developer/Toolchains/XcodeDefault.xctoolchain/usr/bin/clang -v -E -dM -arch arm64 -isysroot /Applications/Xcode.app/Contents/Developer/Platforms/MacOSX.platform/Developer/SDKs/MacOSX26.2.sdk -x c -c /dev/null

ExecuteExternalTool /Applications/Xcode.app/Contents/Developer/Toolchains/XcodeDefault.xctoolchain/usr/bin/clang -v -E -dM -isysroot /Applications/Xcode.app/Contents/Developer/Platforms/MacOSX.platform/Developer/SDKs/MacOSX26.2.sdk -x c -c /dev/null

ExecuteExternalTool /Applications/Xcode.app/Contents/Developer/usr/bin/actool --version --output-format xml1

ExecuteExternalTool /Applications/Xcode.app/Contents/Developer/Toolchains/XcodeDefault.xctoolchain/usr/bin/ld -version_details

ReadFileContents /Applications/Xcode.app/Contents/Developer/Toolchains/XcodeDefault.xctoolchain/usr/share/docc/features.json

Build description signature: 2e47b5a834960a0296fa1deca059e43f
Build description path: /Users/qiweili/Desktop/rxlab/linda-assistant/.build/Build/Intermediates.noindex/XCBuildData/2e47b5a834960a0296fa1deca059e43f.xcbuilddata
ClangStatCache /Applications/Xcode.app/Contents/Developer/Toolchains/XcodeDefault.xctoolchain/usr/bin/clang-stat-cache /Applications/Xcode.app/Contents/Developer/Platforms/MacOSX.platform/Developer/SDKs/MacOSX26.2.sdk /Users/qiweili/Desktop/rxlab/linda-assistant/.build/SDKStatCaches.noindex/macosx26.2-25C58-00fa09913b459cbbc988d1f6730289ae.sdkstatcache
    cd /Users/qiweili/Desktop/rxlab/linda-assistant/ios/ios.xcodeproj
    /Applications/Xcode.app/Contents/Developer/Toolchains/XcodeDefault.xctoolchain/usr/bin/clang-stat-cache /Applications/Xcode.app/Contents/Developer/Platforms/MacOSX.platform/Developer/SDKs/MacOSX26.2.sdk -o /Users/qiweili/Desktop/rxlab/linda-assistant/.build/SDKStatCaches.noindex/macosx26.2-25C58-00fa09913b459cbbc988d1f6730289ae.sdkstatcache

GenerateAssetSymbols /Users/qiweili/Desktop/rxlab/linda-assistant/ios/ios/Assets.xcassets /Users/qiweili/Desktop/rxlab/linda-assistant/ios/icon.icon (in target 'ios' from project 'ios')
    cd /Users/qiweili/Desktop/rxlab/linda-assistant/ios
    /Applications/Xcode.app/Contents/Developer/usr/bin/actool /Users/qiweili/Desktop/rxlab/linda-assistant/ios/ios/Assets.xcassets /Users/qiweili/Desktop/rxlab/linda-assistant/ios/icon.icon --compile /Users/qiweili/Desktop/rxlab/linda-assistant/.build/Build/Products/Debug/ios.app/Contents/Resources --output-format human-readable-text --notices --warnings --export-dependency-info /Users/qiweili/Desktop/rxlab/linda-assistant/.build/Build/Intermediates.noindex/ios.build/Debug/ios.build/assetcatalog_dependencies --output-partial-info-plist /Users/qiweili/Desktop/rxlab/linda-assistant/.build/Build/Intermediates.noindex/ios.build/Debug/ios.build/assetcatalog_generated_info.plist --app-icon icon --accent-color AccentColor --enable-on-demand-resources NO --development-region en --target-device mac --minimum-deployment-target 26.2 --platform macosx --bundle-identifier rxlab.lindaAssistant --generate-swift-asset-symbols /Users/qiweili/Desktop/rxlab/linda-assistant/.build/Build/Intermediates.noindex/ios.build/Debug/ios.build/DerivedSources/GeneratedAssetSymbols.swift --generate-objc-asset-symbols /Users/qiweili/Desktop/rxlab/linda-assistant/.build/Build/Intermediates.noindex/ios.build/Debug/ios.build/DerivedSources/GeneratedAssetSymbols.h --generate-asset-symbol-index /Users/qiweili/Desktop/rxlab/linda-assistant/.build/Build/Intermediates.noindex/ios.build/Debug/ios.build/DerivedSources/GeneratedAssetSymbols-Index.plist
/* com.apple.actool.compilation-results */
/Users/qiweili/Desktop/rxlab/linda-assistant/.build/Build/Intermediates.noindex/ios.build/Debug/ios.build/DerivedSources/GeneratedAssetSymbols-Index.plist
/Users/qiweili/Desktop/rxlab/linda-assistant/.build/Build/Intermediates.noindex/ios.build/Debug/ios.build/DerivedSources/GeneratedAssetSymbols.h
/Users/qiweili/Desktop/rxlab/linda-assistant/.build/Build/Intermediates.noindex/ios.build/Debug/ios.build/DerivedSources/GeneratedAssetSymbols.swift


LinkAssetCatalog /Users/qiweili/Desktop/rxlab/linda-assistant/ios/ios/Assets.xcassets /Users/qiweili/Desktop/rxlab/linda-assistant/ios/icon.icon (in target 'ios' from project 'ios')
    cd /Users/qiweili/Desktop/rxlab/linda-assistant/ios
    builtin-linkAssetCatalog --thinned /Users/qiweili/Desktop/rxlab/linda-assistant/.build/Build/Intermediates.noindex/ios.build/Debug/ios.build/assetcatalog_output/thinned --thinned-dependencies /Users/qiweili/Desktop/rxlab/linda-assistant/.build/Build/Intermediates.noindex/ios.build/Debug/ios.build/assetcatalog_dependencies_thinned --thinned-info-plist-content /Users/qiweili/Desktop/rxlab/linda-assistant/.build/Build/Intermediates.noindex/ios.build/Debug/ios.build/assetcatalog_generated_info.plist_thinned --unthinned /Users/qiweili/Desktop/rxlab/linda-assistant/.build/Build/Intermediates.noindex/ios.build/Debug/ios.build/assetcatalog_output/unthinned --unthinned-dependencies /Users/qiweili/Desktop/rxlab/linda-assistant/.build/Build/Intermediates.noindex/ios.build/Debug/ios.build/assetcatalog_dependencies_unthinned --unthinned-info-plist-content /Users/qiweili/Desktop/rxlab/linda-assistant/.build/Build/Intermediates.noindex/ios.build/Debug/ios.build/assetcatalog_generated_info.plist_unthinned --output /Users/qiweili/Desktop/rxlab/linda-assistant/.build/Build/Products/Debug/ios.app/Contents/Resources --plist-output /Users/qiweili/Desktop/rxlab/linda-assistant/.build/Build/Intermediates.noindex/ios.build/Debug/ios.build/assetcatalog_generated_info.plist
note: Emplaced /Users/qiweili/Desktop/rxlab/linda-assistant/.build/Build/Products/Debug/ios.app/Contents/Resources/icon.icns (in target 'ios' from project 'ios')
note: Emplaced /Users/qiweili/Desktop/rxlab/linda-assistant/.build/Build/Products/Debug/ios.app/Contents/Resources/Assets.car (in target 'ios' from project 'ios')

ProcessInfoPlistFile /Users/qiweili/Desktop/rxlab/linda-assistant/.build/Build/Products/Debug/ios.app/Contents/Info.plist /Users/qiweili/Desktop/rxlab/linda-assistant/ios/ios/Info.plist (in target 'ios' from project 'ios')
    cd /Users/qiweili/Desktop/rxlab/linda-assistant/ios
    builtin-infoPlistUtility /Users/qiweili/Desktop/rxlab/linda-assistant/ios/ios/Info.plist -producttype com.apple.product-type.application -genpkginfo /Users/qiweili/Desktop/rxlab/linda-assistant/.build/Build/Products/Debug/ios.app/Contents/PkgInfo -expandbuildsettings -platform macosx -additionalcontentfile /Users/qiweili/Desktop/rxlab/linda-assistant/.build/Build/Intermediates.noindex/ios.build/Debug/ios.build/assetcatalog_generated_info.plist -o /Users/qiweili/Desktop/rxlab/linda-assistant/.build/Build/Products/Debug/ios.app/Contents/Info.plist

SwiftDriver ios normal arm64 com.apple.xcode.tools.swift.compiler (in target 'ios' from project 'ios')
    cd /Users/qiweili/Desktop/rxlab/linda-assistant/ios
    builtin-SwiftDriver -- /Applications/Xcode.app/Contents/Developer/Toolchains/XcodeDefault.xctoolchain/usr/bin/swiftc -module-name ios -Onone -enforce-exclusivity\=checked @/Users/qiweili/Desktop/rxlab/linda-assistant/.build/Build/Intermediates.noindex/ios.build/Debug/ios.build/Objects-normal/arm64/ios.SwiftFileList -DDEBUG -default-isolation\=MainActor -enable-bare-slash-regex -enable-upcoming-feature DisableOutwardActorInference -enable-upcoming-feature InferSendableFromCaptures -enable-upcoming-feature GlobalActorIsolatedTypesUsability -enable-upcoming-feature MemberImportVisibility -enable-upcoming-feature InferIsolatedConformances -enable-upcoming-feature NonisolatedNonsendingByDefault -enable-experimental-feature DebugDescriptionMacro -sdk /Applications/Xcode.app/Contents/Developer/Platforms/MacOSX.platform/Developer/SDKs/MacOSX26.2.sdk -target arm64-apple-macos26.2 -g -module-cache-path /Users/qiweili/Desktop/rxlab/linda-assistant/.build/ModuleCache.noindex -Xfrontend -serialize-debugging-options -enable-testing -index-store-path /Users/qiweili/Desktop/rxlab/linda-assistant/.build/Index.noindex/DataStore -Xcc -D_LIBCPP_HARDENING_MODE\=_LIBCPP_HARDENING_MODE_DEBUG -swift-version 5 -I /Users/qiweili/Desktop/rxlab/linda-assistant/.build/Build/Products/Debug -F /Users/qiweili/Desktop/rxlab/linda-assistant/.build/Build/Products/Debug/PackageFrameworks -F /Users/qiweili/Desktop/rxlab/linda-assistant/.build/Build/Products/Debug/PackageFrameworks -F /Users/qiweili/Desktop/rxlab/linda-assistant/.build/Build/Products/Debug/PackageFrameworks -F /Users/qiweili/Desktop/rxlab/linda-assistant/.build/Build/Products/Debug/PackageFrameworks -F /Users/qiweili/Desktop/rxlab/linda-assistant/.build/Build/Products/Debug/PackageFrameworks -F /Users/qiweili/Desktop/rxlab/linda-assistant/.build/Build/Products/Debug/PackageFrameworks -F /Users/qiweili/Desktop/rxlab/linda-assistant/.build/Build/Products/Debug/PackageFrameworks -F /Users/qiweili/Desktop/rxlab/linda-assistant/.build/Build/Products/Debug/PackageFrameworks -F /Users/qiweili/Desktop/rxlab/linda-assistant/.build/Build/Products/Debug/PackageFrameworks -F /Users/qiweili/Desktop/rxlab/linda-assistant/.build/Build/Products/Debug/PackageFrameworks -F /Users/qiweili/Desktop/rxlab/linda-assistant/.build/Build/Products/Debug/PackageFrameworks -F /Users/qiweili/Desktop/rxlab/linda-assistant/.build/Build/Products/Debug/PackageFrameworks -F /Users/qiweili/Desktop/rxlab/linda-assistant/.build/Build/Products/Debug/PackageFrameworks -F /Users/qiweili/Desktop/rxlab/linda-assistant/.build/Build/Products/Debug/PackageFrameworks -F /Users/qiweili/Desktop/rxlab/linda-assistant/.build/Build/Products/Debug/PackageFrameworks -F /Users/qiweili/Desktop/rxlab/linda-assistant/.build/Build/Products/Debug/PackageFrameworks -F /Users/qiweili/Desktop/rxlab/linda-assistant/.build/Build/Products/Debug -Xfrontend -load-plugin-executable -Xfrontend /Users/qiweili/Desktop/rxlab/linda-assistant/.build/Build/Products/Debug/SwiftJSONSchemaMacros\#SwiftJSONSchemaMacros -emit-localized-strings -emit-localized-strings-path /Users/qiweili/Desktop/rxlab/linda-assistant/.build/Build/Intermediates.noindex/ios.build/Debug/ios.build/Objects-normal/arm64 -c -j16 -enable-batch-mode -incremental -Xcc -ivfsstatcache -Xcc /Users/qiweili/Desktop/rxlab/linda-assistant/.build/SDKStatCaches.noindex/macosx26.2-25C58-00fa09913b459cbbc988d1f6730289ae.sdkstatcache -output-file-map /Users/qiweili/Desktop/rxlab/linda-assistant/.build/Build/Intermediates.noindex/ios.build/Debug/ios.build/Objects-normal/arm64/ios-OutputFileMap.json -use-frontend-parseable-output -save-temps -no-color-diagnostics -explicit-module-build -module-cache-path /Users/qiweili/Desktop/rxlab/linda-assistant/.build/Build/Intermediates.noindex/SwiftExplicitPrecompiledModules -clang-scanner-module-cache-path /Users/qiweili/Desktop/rxlab/linda-assistant/.build/ModuleCache.noindex -sdk-module-cache-path /Users/qiweili/Desktop/rxlab/linda-assistant/.build/ModuleCache.noindex -serialize-diagnostics -emit-dependencies -emit-module -emit-module-path /Users/qiweili/Desktop/rxlab/linda-assistant/.build/Build/Intermediates.noindex/ios.build/Debug/ios.build/Objects-normal/arm64/ios.swiftmodule -validate-clang-modules-once -clang-build-session-file /Users/qiweili/Desktop/rxlab/linda-assistant/.build/ModuleCache.noindex/Session.modulevalidation -Xcc -I/Users/qiweili/Desktop/rxlab/linda-assistant/.build/Build/Intermediates.noindex/ios.build/Debug/ios.build/swift-overrides.hmap -emit-const-values -Xfrontend -const-gather-protocols-file -Xfrontend /Users/qiweili/Desktop/rxlab/linda-assistant/.build/Build/Intermediates.noindex/ios.build/Debug/ios.build/Objects-normal/arm64/ios_const_extract_protocols.json -Xcc -iquote -Xcc /Users/qiweili/Desktop/rxlab/linda-assistant/.build/Build/Intermediates.noindex/ios.build/Debug/ios.build/ios-generated-files.hmap -Xcc -I/Users/qiweili/Desktop/rxlab/linda-assistant/.build/Build/Intermediates.noindex/ios.build/Debug/ios.build/ios-own-target-headers.hmap -Xcc -I/Users/qiweili/Desktop/rxlab/linda-assistant/.build/Build/Intermediates.noindex/ios.build/Debug/ios.build/ios-all-non-framework-target-headers.hmap -Xcc -ivfsoverlay -Xcc /Users/qiweili/Desktop/rxlab/linda-assistant/.build/Build/Intermediates.noindex/ios.build/Debug/ios-cdea436d9961714f447518627003d1f4-VFS/all-product-headers.yaml -Xcc -iquote -Xcc /Users/qiweili/Desktop/rxlab/linda-assistant/.build/Build/Intermediates.noindex/ios.build/Debug/ios.build/ios-project-headers.hmap -Xcc -I/Users/qiweili/Desktop/rxlab/linda-assistant/.build/SourcePackages/checkouts/swift-cmark/src/include -Xcc -I/Users/qiweili/Desktop/rxlab/linda-assistant/.build/SourcePackages/checkouts/swift-cmark/extensions/include -Xcc -I/Users/qiweili/Desktop/rxlab/linda-assistant/.build/Build/Products/Debug/include -Xcc -I/Users/qiweili/Desktop/rxlab/linda-assistant/.build/Build/Intermediates.noindex/ios.build/Debug/ios.build/DerivedSources-normal/arm64 -Xcc -I/Users/qiweili/Desktop/rxlab/linda-assistant/.build/Build/Intermediates.noindex/ios.build/Debug/ios.build/DerivedSources/arm64 -Xcc -I/Users/qiweili/Desktop/rxlab/linda-assistant/.build/Build/Intermediates.noindex/ios.build/Debug/ios.build/DerivedSources -Xcc -DDEBUG\=1 -emit-objc-header -emit-objc-header-path /Users/qiweili/Desktop/rxlab/linda-assistant/.build/Build/Intermediates.noindex/ios.build/Debug/ios.build/Objects-normal/arm64/ios-Swift.h -working-directory /Users/qiweili/Desktop/rxlab/linda-assistant/ios -experimental-emit-module-separately -disable-cmo

SwiftCompile normal arm64 Compiling\ SidebarNavigationView.swift /Users/qiweili/Desktop/rxlab/linda-assistant/ios/ios/Navigation/SidebarNavigationView.swift (in target 'ios' from project 'ios')

SwiftCompile normal arm64 /Users/qiweili/Desktop/rxlab/linda-assistant/ios/ios/Navigation/SidebarNavigationView.swift (in target 'ios' from project 'ios')
    cd /Users/qiweili/Desktop/rxlab/linda-assistant/ios
    

SwiftEmitModule normal arm64 Emitting\ module\ for\ ios (in target 'ios' from project 'ios')
EmitSwiftModule normal arm64 (in target 'ios' from project 'ios')
    cd /Users/qiweili/Desktop/rxlab/linda-assistant/ios
    

SwiftCompile normal arm64 Compiling\ AssigneeFormSheet.swift /Users/qiweili/Desktop/rxlab/linda-assistant/ios/ios/Views/Assignees/AssigneeFormSheet.swift (in target 'ios' from project 'ios')

SwiftCompile normal arm64 /Users/qiweili/Desktop/rxlab/linda-assistant/ios/ios/Views/Assignees/AssigneeFormSheet.swift (in target 'ios' from project 'ios')
    cd /Users/qiweili/Desktop/rxlab/linda-assistant/ios
    

SwiftCompile normal arm64 Compiling\ TaskFormSheet.swift /Users/qiweili/Desktop/rxlab/linda-assistant/ios/ios/Views/Tasks/TaskFormSheet.swift (in target 'ios' from project 'ios')

SwiftCompile normal arm64 /Users/qiweili/Desktop/rxlab/linda-assistant/ios/ios/Views/Tasks/TaskFormSheet.swift (in target 'ios' from project 'ios')
    cd /Users/qiweili/Desktop/rxlab/linda-assistant/ios
    

SwiftCompile normal arm64 Compiling\ NewChatSheet.swift /Users/qiweili/Desktop/rxlab/linda-assistant/ios/ios/Views/Chat/NewChatSheet.swift (in target 'ios' from project 'ios')

SwiftCompile normal arm64 /Users/qiweili/Desktop/rxlab/linda-assistant/ios/ios/Views/Chat/NewChatSheet.swift (in target 'ios' from project 'ios')
    cd /Users/qiweili/Desktop/rxlab/linda-assistant/ios
    

SwiftCompile normal arm64 Compiling\ GeneratedAssetSymbols.swift /Users/qiweili/Desktop/rxlab/linda-assistant/.build/Build/Intermediates.noindex/ios.build/Debug/ios.build/DerivedSources/GeneratedAssetSymbols.swift (in target 'ios' from project 'ios')

SwiftCompile normal arm64 /Users/qiweili/Desktop/rxlab/linda-assistant/.build/Build/Intermediates.noindex/ios.build/Debug/ios.build/DerivedSources/GeneratedAssetSymbols.swift (in target 'ios' from project 'ios')
    cd /Users/qiweili/Desktop/rxlab/linda-assistant/ios
    

SwiftDriverJobDiscovery normal arm64 Compiling GeneratedAssetSymbols.swift (in target 'ios' from project 'ios')

SwiftDriverJobDiscovery normal arm64 Compiling NewChatSheet.swift (in target 'ios' from project 'ios')

SwiftDriverJobDiscovery normal arm64 Compiling TaskFormSheet.swift (in target 'ios' from project 'ios')

SwiftDriverJobDiscovery normal arm64 Compiling SidebarNavigationView.swift (in target 'ios' from project 'ios')

SwiftDriverJobDiscovery normal arm64 Compiling AssigneeFormSheet.swift (in target 'ios' from project 'ios')

SwiftDriverJobDiscovery normal arm64 Emitting module for ios (in target 'ios' from project 'ios')

SwiftDriver\ Compilation\ Requirements ios normal arm64 com.apple.xcode.tools.swift.compiler (in target 'ios' from project 'ios')
    cd /Users/qiweili/Desktop/rxlab/linda-assistant/ios
    builtin-Swift-Compilation-Requirements -- /Applications/Xcode.app/Contents/Developer/Toolchains/XcodeDefault.xctoolchain/usr/bin/swiftc -module-name ios -Onone -enforce-exclusivity\=checked @/Users/qiweili/Desktop/rxlab/linda-assistant/.build/Build/Intermediates.noindex/ios.build/Debug/ios.build/Objects-normal/arm64/ios.SwiftFileList -DDEBUG -default-isolation\=MainActor -enable-bare-slash-regex -enable-upcoming-feature DisableOutwardActorInference -enable-upcoming-feature InferSendableFromCaptures -enable-upcoming-feature GlobalActorIsolatedTypesUsability -enable-upcoming-feature MemberImportVisibility -enable-upcoming-feature InferIsolatedConformances -enable-upcoming-feature NonisolatedNonsendingByDefault -enable-experimental-feature DebugDescriptionMacro -sdk /Applications/Xcode.app/Contents/Developer/Platforms/MacOSX.platform/Developer/SDKs/MacOSX26.2.sdk -target arm64-apple-macos26.2 -g -module-cache-path /Users/qiweili/Desktop/rxlab/linda-assistant/.build/ModuleCache.noindex -Xfrontend -serialize-debugging-options -enable-testing -index-store-path /Users/qiweili/Desktop/rxlab/linda-assistant/.build/Index.noindex/DataStore -Xcc -D_LIBCPP_HARDENING_MODE\=_LIBCPP_HARDENING_MODE_DEBUG -swift-version 5 -I /Users/qiweili/Desktop/rxlab/linda-assistant/.build/Build/Products/Debug -F /Users/qiweili/Desktop/rxlab/linda-assistant/.build/Build/Products/Debug/PackageFrameworks -F /Users/qiweili/Desktop/rxlab/linda-assistant/.build/Build/Products/Debug/PackageFrameworks -F /Users/qiweili/Desktop/rxlab/linda-assistant/.build/Build/Products/Debug/PackageFrameworks -F /Users/qiweili/Desktop/rxlab/linda-assistant/.build/Build/Products/Debug/PackageFrameworks -F /Users/qiweili/Desktop/rxlab/linda-assistant/.build/Build/Products/Debug/PackageFrameworks -F /Users/qiweili/Desktop/rxlab/linda-assistant/.build/Build/Products/Debug/PackageFrameworks -F /Users/qiweili/Desktop/rxlab/linda-assistant/.build/Build/Products/Debug/PackageFrameworks -F /Users/qiweili/Desktop/rxlab/linda-assistant/.build/Build/Products/Debug/PackageFrameworks -F /Users/qiweili/Desktop/rxlab/linda-assistant/.build/Build/Products/Debug/PackageFrameworks -F /Users/qiweili/Desktop/rxlab/linda-assistant/.build/Build/Products/Debug/PackageFrameworks -F /Users/qiweili/Desktop/rxlab/linda-assistant/.build/Build/Products/Debug/PackageFrameworks -F /Users/qiweili/Desktop/rxlab/linda-assistant/.build/Build/Products/Debug/PackageFrameworks -F /Users/qiweili/Desktop/rxlab/linda-assistant/.build/Build/Products/Debug/PackageFrameworks -F /Users/qiweili/Desktop/rxlab/linda-assistant/.build/Build/Products/Debug/PackageFrameworks -F /Users/qiweili/Desktop/rxlab/linda-assistant/.build/Build/Products/Debug/PackageFrameworks -F /Users/qiweili/Desktop/rxlab/linda-assistant/.build/Build/Products/Debug/PackageFrameworks -F /Users/qiweili/Desktop/rxlab/linda-assistant/.build/Build/Products/Debug -Xfrontend -load-plugin-executable -Xfrontend /Users/qiweili/Desktop/rxlab/linda-assistant/.build/Build/Products/Debug/SwiftJSONSchemaMacros\#SwiftJSONSchemaMacros -emit-localized-strings -emit-localized-strings-path /Users/qiweili/Desktop/rxlab/linda-assistant/.build/Build/Intermediates.noindex/ios.build/Debug/ios.build/Objects-normal/arm64 -c -j16 -enable-batch-mode -incremental -Xcc -ivfsstatcache -Xcc /Users/qiweili/Desktop/rxlab/linda-assistant/.build/SDKStatCaches.noindex/macosx26.2-25C58-00fa09913b459cbbc988d1f6730289ae.sdkstatcache -output-file-map /Users/qiweili/Desktop/rxlab/linda-assistant/.build/Build/Intermediates.noindex/ios.build/Debug/ios.build/Objects-normal/arm64/ios-OutputFileMap.json -use-frontend-parseable-output -save-temps -no-color-diagnostics -explicit-module-build -module-cache-path /Users/qiweili/Desktop/rxlab/linda-assistant/.build/Build/Intermediates.noindex/SwiftExplicitPrecompiledModules -clang-scanner-module-cache-path /Users/qiweili/Desktop/rxlab/linda-assistant/.build/ModuleCache.noindex -sdk-module-cache-path /Users/qiweili/Desktop/rxlab/linda-assistant/.build/ModuleCache.noindex -serialize-diagnostics -emit-dependencies -emit-module -emit-module-path /Users/qiweili/Desktop/rxlab/linda-assistant/.build/Build/Intermediates.noindex/ios.build/Debug/ios.build/Objects-normal/arm64/ios.swiftmodule -validate-clang-modules-once -clang-build-session-file /Users/qiweili/Desktop/rxlab/linda-assistant/.build/ModuleCache.noindex/Session.modulevalidation -Xcc -I/Users/qiweili/Desktop/rxlab/linda-assistant/.build/Build/Intermediates.noindex/ios.build/Debug/ios.build/swift-overrides.hmap -emit-const-values -Xfrontend -const-gather-protocols-file -Xfrontend /Users/qiweili/Desktop/rxlab/linda-assistant/.build/Build/Intermediates.noindex/ios.build/Debug/ios.build/Objects-normal/arm64/ios_const_extract_protocols.json -Xcc -iquote -Xcc /Users/qiweili/Desktop/rxlab/linda-assistant/.build/Build/Intermediates.noindex/ios.build/Debug/ios.build/ios-generated-files.hmap -Xcc -I/Users/qiweili/Desktop/rxlab/linda-assistant/.build/Build/Intermediates.noindex/ios.build/Debug/ios.build/ios-own-target-headers.hmap -Xcc -I/Users/qiweili/Desktop/rxlab/linda-assistant/.build/Build/Intermediates.noindex/ios.build/Debug/ios.build/ios-all-non-framework-target-headers.hmap -Xcc -ivfsoverlay -Xcc /Users/qiweili/Desktop/rxlab/linda-assistant/.build/Build/Intermediates.noindex/ios.build/Debug/ios-cdea436d9961714f447518627003d1f4-VFS/all-product-headers.yaml -Xcc -iquote -Xcc /Users/qiweili/Desktop/rxlab/linda-assistant/.build/Build/Intermediates.noindex/ios.build/Debug/ios.build/ios-project-headers.hmap -Xcc -I/Users/qiweili/Desktop/rxlab/linda-assistant/.build/SourcePackages/checkouts/swift-cmark/src/include -Xcc -I/Users/qiweili/Desktop/rxlab/linda-assistant/.build/SourcePackages/checkouts/swift-cmark/extensions/include -Xcc -I/Users/qiweili/Desktop/rxlab/linda-assistant/.build/Build/Products/Debug/include -Xcc -I/Users/qiweili/Desktop/rxlab/linda-assistant/.build/Build/Intermediates.noindex/ios.build/Debug/ios.build/DerivedSources-normal/arm64 -Xcc -I/Users/qiweili/Desktop/rxlab/linda-assistant/.build/Build/Intermediates.noindex/ios.build/Debug/ios.build/DerivedSources/arm64 -Xcc -I/Users/qiweili/Desktop/rxlab/linda-assistant/.build/Build/Intermediates.noindex/ios.build/Debug/ios.build/DerivedSources -Xcc -DDEBUG\=1 -emit-objc-header -emit-objc-header-path /Users/qiweili/Desktop/rxlab/linda-assistant/.build/Build/Intermediates.noindex/ios.build/Debug/ios.build/Objects-normal/arm64/ios-Swift.h -working-directory /Users/qiweili/Desktop/rxlab/linda-assistant/ios -experimental-emit-module-separately -disable-cmo

SwiftDriver\ Compilation ios normal arm64 com.apple.xcode.tools.swift.compiler (in target 'ios' from project 'ios')
    cd /Users/qiweili/Desktop/rxlab/linda-assistant/ios
    builtin-Swift-Compilation -- /Applications/Xcode.app/Contents/Developer/Toolchains/XcodeDefault.xctoolchain/usr/bin/swiftc -module-name ios -Onone -enforce-exclusivity\=checked @/Users/qiweili/Desktop/rxlab/linda-assistant/.build/Build/Intermediates.noindex/ios.build/Debug/ios.build/Objects-normal/arm64/ios.SwiftFileList -DDEBUG -default-isolation\=MainActor -enable-bare-slash-regex -enable-upcoming-feature DisableOutwardActorInference -enable-upcoming-feature InferSendableFromCaptures -enable-upcoming-feature GlobalActorIsolatedTypesUsability -enable-upcoming-feature MemberImportVisibility -enable-upcoming-feature InferIsolatedConformances -enable-upcoming-feature NonisolatedNonsendingByDefault -enable-experimental-feature DebugDescriptionMacro -sdk /Applications/Xcode.app/Contents/Developer/Platforms/MacOSX.platform/Developer/SDKs/MacOSX26.2.sdk -target arm64-apple-macos26.2 -g -module-cache-path /Users/qiweili/Desktop/rxlab/linda-assistant/.build/ModuleCache.noindex -Xfrontend -serialize-debugging-options -enable-testing -index-store-path /Users/qiweili/Desktop/rxlab/linda-assistant/.build/Index.noindex/DataStore -Xcc -D_LIBCPP_HARDENING_MODE\=_LIBCPP_HARDENING_MODE_DEBUG -swift-version 5 -I /Users/qiweili/Desktop/rxlab/linda-assistant/.build/Build/Products/Debug -F /Users/qiweili/Desktop/rxlab/linda-assistant/.build/Build/Products/Debug/PackageFrameworks -F /Users/qiweili/Desktop/rxlab/linda-assistant/.build/Build/Products/Debug/PackageFrameworks -F /Users/qiweili/Desktop/rxlab/linda-assistant/.build/Build/Products/Debug/PackageFrameworks -F /Users/qiweili/Desktop/rxlab/linda-assistant/.build/Build/Products/Debug/PackageFrameworks -F /Users/qiweili/Desktop/rxlab/linda-assistant/.build/Build/Products/Debug/PackageFrameworks -F /Users/qiweili/Desktop/rxlab/linda-assistant/.build/Build/Products/Debug/PackageFrameworks -F /Users/qiweili/Desktop/rxlab/linda-assistant/.build/Build/Products/Debug/PackageFrameworks -F /Users/qiweili/Desktop/rxlab/linda-assistant/.build/Build/Products/Debug/PackageFrameworks -F /Users/qiweili/Desktop/rxlab/linda-assistant/.build/Build/Products/Debug/PackageFrameworks -F /Users/qiweili/Desktop/rxlab/linda-assistant/.build/Build/Products/Debug/PackageFrameworks -F /Users/qiweili/Desktop/rxlab/linda-assistant/.build/Build/Products/Debug/PackageFrameworks -F /Users/qiweili/Desktop/rxlab/linda-assistant/.build/Build/Products/Debug/PackageFrameworks -F /Users/qiweili/Desktop/rxlab/linda-assistant/.build/Build/Products/Debug/PackageFrameworks -F /Users/qiweili/Desktop/rxlab/linda-assistant/.build/Build/Products/Debug/PackageFrameworks -F /Users/qiweili/Desktop/rxlab/linda-assistant/.build/Build/Products/Debug/PackageFrameworks -F /Users/qiweili/Desktop/rxlab/linda-assistant/.build/Build/Products/Debug/PackageFrameworks -F /Users/qiweili/Desktop/rxlab/linda-assistant/.build/Build/Products/Debug -Xfrontend -load-plugin-executable -Xfrontend /Users/qiweili/Desktop/rxlab/linda-assistant/.build/Build/Products/Debug/SwiftJSONSchemaMacros\#SwiftJSONSchemaMacros -emit-localized-strings -emit-localized-strings-path /Users/qiweili/Desktop/rxlab/linda-assistant/.build/Build/Intermediates.noindex/ios.build/Debug/ios.build/Objects-normal/arm64 -c -j16 -enable-batch-mode -incremental -Xcc -ivfsstatcache -Xcc /Users/qiweili/Desktop/rxlab/linda-assistant/.build/SDKStatCaches.noindex/macosx26.2-25C58-00fa09913b459cbbc988d1f6730289ae.sdkstatcache -output-file-map /Users/qiweili/Desktop/rxlab/linda-assistant/.build/Build/Intermediates.noindex/ios.build/Debug/ios.build/Objects-normal/arm64/ios-OutputFileMap.json -use-frontend-parseable-output -save-temps -no-color-diagnostics -explicit-module-build -module-cache-path /Users/qiweili/Desktop/rxlab/linda-assistant/.build/Build/Intermediates.noindex/SwiftExplicitPrecompiledModules -clang-scanner-module-cache-path /Users/qiweili/Desktop/rxlab/linda-assistant/.build/ModuleCache.noindex -sdk-module-cache-path /Users/qiweili/Desktop/rxlab/linda-assistant/.build/ModuleCache.noindex -serialize-diagnostics -emit-dependencies -emit-module -emit-module-path /Users/qiweili/Desktop/rxlab/linda-assistant/.build/Build/Intermediates.noindex/ios.build/Debug/ios.build/Objects-normal/arm64/ios.swiftmodule -validate-clang-modules-once -clang-build-session-file /Users/qiweili/Desktop/rxlab/linda-assistant/.build/ModuleCache.noindex/Session.modulevalidation -Xcc -I/Users/qiweili/Desktop/rxlab/linda-assistant/.build/Build/Intermediates.noindex/ios.build/Debug/ios.build/swift-overrides.hmap -emit-const-values -Xfrontend -const-gather-protocols-file -Xfrontend /Users/qiweili/Desktop/rxlab/linda-assistant/.build/Build/Intermediates.noindex/ios.build/Debug/ios.build/Objects-normal/arm64/ios_const_extract_protocols.json -Xcc -iquote -Xcc /Users/qiweili/Desktop/rxlab/linda-assistant/.build/Build/Intermediates.noindex/ios.build/Debug/ios.build/ios-generated-files.hmap -Xcc -I/Users/qiweili/Desktop/rxlab/linda-assistant/.build/Build/Intermediates.noindex/ios.build/Debug/ios.build/ios-own-target-headers.hmap -Xcc -I/Users/qiweili/Desktop/rxlab/linda-assistant/.build/Build/Intermediates.noindex/ios.build/Debug/ios.build/ios-all-non-framework-target-headers.hmap -Xcc -ivfsoverlay -Xcc /Users/qiweili/Desktop/rxlab/linda-assistant/.build/Build/Intermediates.noindex/ios.build/Debug/ios-cdea436d9961714f447518627003d1f4-VFS/all-product-headers.yaml -Xcc -iquote -Xcc /Users/qiweili/Desktop/rxlab/linda-assistant/.build/Build/Intermediates.noindex/ios.build/Debug/ios.build/ios-project-headers.hmap -Xcc -I/Users/qiweili/Desktop/rxlab/linda-assistant/.build/SourcePackages/checkouts/swift-cmark/src/include -Xcc -I/Users/qiweili/Desktop/rxlab/linda-assistant/.build/SourcePackages/checkouts/swift-cmark/extensions/include -Xcc -I/Users/qiweili/Desktop/rxlab/linda-assistant/.build/Build/Products/Debug/include -Xcc -I/Users/qiweili/Desktop/rxlab/linda-assistant/.build/Build/Intermediates.noindex/ios.build/Debug/ios.build/DerivedSources-normal/arm64 -Xcc -I/Users/qiweili/Desktop/rxlab/linda-assistant/.build/Build/Intermediates.noindex/ios.build/Debug/ios.build/DerivedSources/arm64 -Xcc -I/Users/qiweili/Desktop/rxlab/linda-assistant/.build/Build/Intermediates.noindex/ios.build/Debug/ios.build/DerivedSources -Xcc -DDEBUG\=1 -emit-objc-header -emit-objc-header-path /Users/qiweili/Desktop/rxlab/linda-assistant/.build/Build/Intermediates.noindex/ios.build/Debug/ios.build/Objects-normal/arm64/ios-Swift.h -working-directory /Users/qiweili/Desktop/rxlab/linda-assistant/ios -experimental-emit-module-separately -disable-cmo

Copy /Users/qiweili/Desktop/rxlab/linda-assistant/.build/Build/Products/Debug/ios.swiftmodule/arm64-apple-macos.abi.json /Users/qiweili/Desktop/rxlab/linda-assistant/.build/Build/Intermediates.noindex/ios.build/Debug/ios.build/Objects-normal/arm64/ios.abi.json (in target 'ios' from project 'ios')
    cd /Users/qiweili/Desktop/rxlab/linda-assistant/ios
    builtin-copy -exclude .DS_Store -exclude CVS -exclude .svn -exclude .git -exclude .hg -resolve-src-symlinks -rename /Users/qiweili/Desktop/rxlab/linda-assistant/.build/Build/Intermediates.noindex/ios.build/Debug/ios.build/Objects-normal/arm64/ios.abi.json /Users/qiweili/Desktop/rxlab/linda-assistant/.build/Build/Products/Debug/ios.swiftmodule/arm64-apple-macos.abi.json

Copy /Users/qiweili/Desktop/rxlab/linda-assistant/.build/Build/Products/Debug/ios.swiftmodule/arm64-apple-macos.swiftmodule /Users/qiweili/Desktop/rxlab/linda-assistant/.build/Build/Intermediates.noindex/ios.build/Debug/ios.build/Objects-normal/arm64/ios.swiftmodule (in target 'ios' from project 'ios')
    cd /Users/qiweili/Desktop/rxlab/linda-assistant/ios
    builtin-copy -exclude .DS_Store -exclude CVS -exclude .svn -exclude .git -exclude .hg -resolve-src-symlinks -rename /Users/qiweili/Desktop/rxlab/linda-assistant/.build/Build/Intermediates.noindex/ios.build/Debug/ios.build/Objects-normal/arm64/ios.swiftmodule /Users/qiweili/Desktop/rxlab/linda-assistant/.build/Build/Products/Debug/ios.swiftmodule/arm64-apple-macos.swiftmodule

Copy /Users/qiweili/Desktop/rxlab/linda-assistant/.build/Build/Products/Debug/ios.swiftmodule/Project/arm64-apple-macos.swiftsourceinfo /Users/qiweili/Desktop/rxlab/linda-assistant/.build/Build/Intermediates.noindex/ios.build/Debug/ios.build/Objects-normal/arm64/ios.swiftsourceinfo (in target 'ios' from project 'ios')
    cd /Users/qiweili/Desktop/rxlab/linda-assistant/ios
    builtin-copy -exclude .DS_Store -exclude CVS -exclude .svn -exclude .git -exclude .hg -resolve-src-symlinks -rename /Users/qiweili/Desktop/rxlab/linda-assistant/.build/Build/Intermediates.noindex/ios.build/Debug/ios.build/Objects-normal/arm64/ios.swiftsourceinfo /Users/qiweili/Desktop/rxlab/linda-assistant/.build/Build/Products/Debug/ios.swiftmodule/Project/arm64-apple-macos.swiftsourceinfo

Ld /Users/qiweili/Desktop/rxlab/linda-assistant/.build/Build/Products/Debug/ios.app/Contents/MacOS/ios.debug.dylib normal (in target 'ios' from project 'ios')
    cd /Users/qiweili/Desktop/rxlab/linda-assistant/ios
    /Applications/Xcode.app/Contents/Developer/Toolchains/XcodeDefault.xctoolchain/usr/bin/clang -Xlinker -reproducible -target arm64-apple-macos26.2 -dynamiclib -isysroot /Applications/Xcode.app/Contents/Developer/Platforms/MacOSX.platform/Developer/SDKs/MacOSX26.2.sdk -O0 -L/Users/qiweili/Desktop/rxlab/linda-assistant/.build/Build/Intermediates.noindex/EagerLinkingTBDs/Debug -L/Users/qiweili/Desktop/rxlab/linda-assistant/.build/Build/Products/Debug -F/Users/qiweili/Desktop/rxlab/linda-assistant/.build/Build/Intermediates.noindex/EagerLinkingTBDs/Debug -F/Users/qiweili/Desktop/rxlab/linda-assistant/.build/Build/Products/Debug/PackageFrameworks -F/Users/qiweili/Desktop/rxlab/linda-assistant/.build/Build/Products/Debug/PackageFrameworks -F/Users/qiweili/Desktop/rxlab/linda-assistant/.build/Build/Products/Debug/PackageFrameworks -F/Users/qiweili/Desktop/rxlab/linda-assistant/.build/Build/Products/Debug/PackageFrameworks -F/Users/qiweili/Desktop/rxlab/linda-assistant/.build/Build/Products/Debug/PackageFrameworks -F/Users/qiweili/Desktop/rxlab/linda-assistant/.build/Build/Products/Debug/PackageFrameworks -F/Users/qiweili/Desktop/rxlab/linda-assistant/.build/Build/Products/Debug/PackageFrameworks -F/Users/qiweili/Desktop/rxlab/linda-assistant/.build/Build/Products/Debug/PackageFrameworks -F/Users/qiweili/Desktop/rxlab/linda-assistant/.build/Build/Products/Debug/PackageFrameworks -F/Users/qiweili/Desktop/rxlab/linda-assistant/.build/Build/Products/Debug/PackageFrameworks -F/Users/qiweili/Desktop/rxlab/linda-assistant/.build/Build/Products/Debug/PackageFrameworks -F/Users/qiweili/Desktop/rxlab/linda-assistant/.build/Build/Products/Debug/PackageFrameworks -F/Users/qiweili/Desktop/rxlab/linda-assistant/.build/Build/Products/Debug/PackageFrameworks -F/Users/qiweili/Desktop/rxlab/linda-assistant/.build/Build/Products/Debug/PackageFrameworks -F/Users/qiweili/Desktop/rxlab/linda-assistant/.build/Build/Products/Debug/PackageFrameworks -F/Users/qiweili/Desktop/rxlab/linda-assistant/.build/Build/Products/Debug/PackageFrameworks -F/Users/qiweili/Desktop/rxlab/linda-assistant/.build/Build/Products/Debug -filelist /Users/qiweili/Desktop/rxlab/linda-assistant/.build/Build/Intermediates.noindex/ios.build/Debug/ios.build/Objects-normal/arm64/ios.LinkFileList -install_name @rpath/ios.debug.dylib -Xlinker -rpath -Xlinker /Users/qiweili/Desktop/rxlab/linda-assistant/.build/Build/Products/Debug/PackageFrameworks -Xlinker -rpath -Xlinker @executable_path/../Frameworks -Xlinker -object_path_lto -Xlinker /Users/qiweili/Desktop/rxlab/linda-assistant/.build/Build/Intermediates.noindex/ios.build/Debug/ios.build/Objects-normal/arm64/ios_lto.o -rdynamic -Xlinker -no_deduplicate -Xlinker -dependency_info -Xlinker /Users/qiweili/Desktop/rxlab/linda-assistant/.build/Build/Intermediates.noindex/ios.build/Debug/ios.build/Objects-normal/arm64/ios_dependency_info.dat -fobjc-link-runtime -L/Applications/Xcode.app/Contents/Developer/Toolchains/XcodeDefault.xctoolchain/usr/lib/swift/macosx -L/usr/lib/swift -Xlinker -add_ast_path -Xlinker /Users/qiweili/Desktop/rxlab/linda-assistant/.build/Build/Intermediates.noindex/ios.build/Debug/ios.build/Objects-normal/arm64/ios.swiftmodule @/Users/qiweili/Desktop/rxlab/linda-assistant/.build/Build/Intermediates.noindex/ios.build/Debug/ios.build/Objects-normal/arm64/ios-linker-args.resp -Wl,-no_warn_duplicate_libraries -Wl,-no_warn_duplicate_libraries -Wl,-no_warn_duplicate_libraries -Wl,-no_warn_duplicate_libraries -Wl,-no_warn_duplicate_libraries -Wl,-no_warn_duplicate_libraries -Wl,-no_warn_duplicate_libraries -Wl,-no_warn_duplicate_libraries -Wl,-no_warn_duplicate_libraries -Wl,-no_warn_duplicate_libraries -Wl,-no_warn_duplicate_libraries -Wl,-no_warn_duplicate_libraries -Wl,-no_warn_duplicate_libraries -Wl,-no_warn_duplicate_libraries -Wl,-no_warn_duplicate_libraries -Wl,-no_warn_duplicate_libraries -Xlinker -alias -Xlinker _main -Xlinker ___debug_main_executable_dylib_entry_point -o /Users/qiweili/Desktop/rxlab/linda-assistant/.build/Build/Products/Debug/ios.app/Contents/MacOS/ios.debug.dylib -Xlinker -add_ast_path -Xlinker /Users/qiweili/Desktop/rxlab/linda-assistant/.build/Build/Intermediates.noindex/AssistantCore.build/Debug/AssistantCore.build/Objects-normal/arm64/AssistantCore.swiftmodule @/Users/qiweili/Desktop/rxlab/linda-assistant/.build/Build/Intermediates.noindex/AssistantCore.build/Debug/AssistantCore.build/Objects-normal/arm64/AssistantCore-linker-args.resp -Xlinker -add_ast_path -Xlinker /Users/qiweili/Desktop/rxlab/linda-assistant/.build/Build/Intermediates.noindex/RxAuthSwift.build/Debug/RxAuthSwift.build/Objects-normal/arm64/RxAuthSwift.swiftmodule @/Users/qiweili/Desktop/rxlab/linda-assistant/.build/Build/Intermediates.noindex/RxAuthSwift.build/Debug/RxAuthSwift.build/Objects-normal/arm64/RxAuthSwift-linker-args.resp -Xlinker -add_ast_path -Xlinker /Users/qiweili/Desktop/rxlab/linda-assistant/.build/Build/Intermediates.noindex/swift-log.build/Debug/Logging.build/Objects-normal/arm64/Logging.swiftmodule @/Users/qiweili/Desktop/rxlab/linda-assistant/.build/Build/Intermediates.noindex/swift-log.build/Debug/Logging.build/Objects-normal/arm64/Logging-linker-args.resp -Xlinker -add_ast_path -Xlinker /Users/qiweili/Desktop/rxlab/linda-assistant/.build/Build/Intermediates.noindex/RxAuthSwift.build/Debug/RxAuthSwiftUI.build/Objects-normal/arm64/RxAuthSwiftUI.swiftmodule @/Users/qiweili/Desktop/rxlab/linda-assistant/.build/Build/Intermediates.noindex/RxAuthSwift.build/Debug/RxAuthSwiftUI.build/Objects-normal/arm64/RxAuthSwiftUI-linker-args.resp -Xlinker -add_ast_path -Xlinker /Users/qiweili/Desktop/rxlab/linda-assistant/.build/Build/Intermediates.noindex/AgentKit.build/Debug/AgentLayout.build/Objects-normal/arm64/AgentLayout.swiftmodule @/Users/qiweili/Desktop/rxlab/linda-assistant/.build/Build/Intermediates.noindex/AgentKit.build/Debug/AgentLayout.build/Objects-normal/arm64/AgentLayout-linker-args.resp -Xlinker -add_ast_path -Xlinker /Users/qiweili/Desktop/rxlab/linda-assistant/.build/Build/Intermediates.noindex/AgentKit.build/Debug/Agent.build/Objects-normal/arm64/Agent.swiftmodule @/Users/qiweili/Desktop/rxlab/linda-assistant/.build/Build/Intermediates.noindex/AgentKit.build/Debug/Agent.build/Objects-normal/arm64/Agent-linker-args.resp -Xlinker -add_ast_path -Xlinker /Users/qiweili/Desktop/rxlab/linda-assistant/.build/Build/Intermediates.noindex/JSONSchema.build/Debug/JSONSchema.build/Objects-normal/arm64/JSONSchema.swiftmodule @/Users/qiweili/Desktop/rxlab/linda-assistant/.build/Build/Intermediates.noindex/JSONSchema.build/Debug/JSONSchema.build/Objects-normal/arm64/JSONSchema-linker-args.resp -Xlinker -add_ast_path -Xlinker /Users/qiweili/Desktop/rxlab/linda-assistant/.build/Build/Intermediates.noindex/SwiftJSONSchema.build/Debug/SwiftJSONSchema.build/Objects-normal/arm64/SwiftJSONSchema.swiftmodule @/Users/qiweili/Desktop/rxlab/linda-assistant/.build/Build/Intermediates.noindex/SwiftJSONSchema.build/Debug/SwiftJSONSchema.build/Objects-normal/arm64/SwiftJSONSchema-linker-args.resp -Xlinker -add_ast_path -Xlinker /Users/qiweili/Desktop/rxlab/linda-assistant/.build/Build/Intermediates.noindex/swiftui-introspect.build/Debug/SwiftUIIntrospect.build/Objects-normal/arm64/SwiftUIIntrospect.swiftmodule @/Users/qiweili/Desktop/rxlab/linda-assistant/.build/Build/Intermediates.noindex/swiftui-introspect.build/Debug/SwiftUIIntrospect.build/Objects-normal/arm64/SwiftUIIntrospect-linker-args.resp -Xlinker -add_ast_path -Xlinker /Users/qiweili/Desktop/rxlab/linda-assistant/.build/Build/Intermediates.noindex/SwiftUI-Shimmer.build/Debug/Shimmer.build/Objects-normal/arm64/Shimmer.swiftmodule @/Users/qiweili/Desktop/rxlab/linda-assistant/.build/Build/Intermediates.noindex/SwiftUI-Shimmer.build/Debug/Shimmer.build/Objects-normal/arm64/Shimmer-linker-args.resp -Xlinker -add_ast_path -Xlinker /Users/qiweili/Desktop/rxlab/linda-assistant/.build/Build/Intermediates.noindex/swift-markdown-ui.build/Debug/MarkdownUI.build/Objects-normal/arm64/MarkdownUI.swiftmodule @/Users/qiweili/Desktop/rxlab/linda-assistant/.build/Build/Intermediates.noindex/swift-markdown-ui.build/Debug/MarkdownUI.build/Objects-normal/arm64/MarkdownUI-linker-args.resp -Xlinker -add_ast_path -Xlinker /Users/qiweili/Desktop/rxlab/linda-assistant/.build/Build/Intermediates.noindex/NetworkImage.build/Debug/NetworkImage.build/Objects-normal/arm64/NetworkImage.swiftmodule @/Users/qiweili/Desktop/rxlab/linda-assistant/.build/Build/Intermediates.noindex/NetworkImage.build/Debug/NetworkImage.build/Objects-normal/arm64/NetworkImage-linker-args.resp -Xlinker -add_ast_path -Xlinker /Users/qiweili/Desktop/rxlab/linda-assistant/.build/Build/Intermediates.noindex/Splash.build/Debug/Splash.build/Objects-normal/arm64/Splash.swiftmodule @/Users/qiweili/Desktop/rxlab/linda-assistant/.build/Build/Intermediates.noindex/Splash.build/Debug/Splash.build/Objects-normal/arm64/Splash-linker-args.resp -Xlinker -add_ast_path -Xlinker /Users/qiweili/Desktop/rxlab/linda-assistant/.build/Build/Intermediates.noindex/SwiftfulLoadingIndicators.build/Debug/SwiftfulLoadingIndicators.build/Objects-normal/arm64/SwiftfulLoadingIndicators.swiftmodule @/Users/qiweili/Desktop/rxlab/linda-assistant/.build/Build/Intermediates.noindex/SwiftfulLoadingIndicators.build/Debug/SwiftfulLoadingIndicators.build/Objects-normal/arm64/SwiftfulLoadingIndicators-linker-args.resp

ConstructStubExecutorLinkFileList /Users/qiweili/Desktop/rxlab/linda-assistant/.build/Build/Intermediates.noindex/ios.build/Debug/ios.build/ios-ExecutorLinkFileList-normal-arm64.txt (in target 'ios' from project 'ios')
    cd /Users/qiweili/Desktop/rxlab/linda-assistant/ios
    construct-stub-executor-link-file-list /Users/qiweili/Desktop/rxlab/linda-assistant/.build/Build/Products/Debug/ios.app/Contents/MacOS/ios.debug.dylib /Applications/Xcode.app/Contents/Developer/Platforms/MacOSX.platform/Developer/usr/lib/libPreviewsJITStubExecutor_no_swift_entry_point.a /Applications/Xcode.app/Contents/Developer/Platforms/MacOSX.platform/Developer/usr/lib/libPreviewsJITStubExecutor.a --output /Users/qiweili/Desktop/rxlab/linda-assistant/.build/Build/Intermediates.noindex/ios.build/Debug/ios.build/ios-ExecutorLinkFileList-normal-arm64.txt
note: Using stub executor library with Swift entry point. (in target 'ios' from project 'ios')

Ld /Users/qiweili/Desktop/rxlab/linda-assistant/.build/Build/Products/Debug/ios.app/Contents/MacOS/ios normal (in target 'ios' from project 'ios')
    cd /Users/qiweili/Desktop/rxlab/linda-assistant/ios
    /Applications/Xcode.app/Contents/Developer/Toolchains/XcodeDefault.xctoolchain/usr/bin/clang -Xlinker -reproducible -target arm64-apple-macos26.2 -isysroot /Applications/Xcode.app/Contents/Developer/Platforms/MacOSX.platform/Developer/SDKs/MacOSX26.2.sdk -O0 -L/Users/qiweili/Desktop/rxlab/linda-assistant/.build/Build/Products/Debug -F/Users/qiweili/Desktop/rxlab/linda-assistant/.build/Build/Products/Debug/PackageFrameworks -F/Users/qiweili/Desktop/rxlab/linda-assistant/.build/Build/Products/Debug/PackageFrameworks -F/Users/qiweili/Desktop/rxlab/linda-assistant/.build/Build/Products/Debug/PackageFrameworks -F/Users/qiweili/Desktop/rxlab/linda-assistant/.build/Build/Products/Debug/PackageFrameworks -F/Users/qiweili/Desktop/rxlab/linda-assistant/.build/Build/Products/Debug/PackageFrameworks -F/Users/qiweili/Desktop/rxlab/linda-assistant/.build/Build/Products/Debug/PackageFrameworks -F/Users/qiweili/Desktop/rxlab/linda-assistant/.build/Build/Products/Debug/PackageFrameworks -F/Users/qiweili/Desktop/rxlab/linda-assistant/.build/Build/Products/Debug/PackageFrameworks -F/Users/qiweili/Desktop/rxlab/linda-assistant/.build/Build/Products/Debug/PackageFrameworks -F/Users/qiweili/Desktop/rxlab/linda-assistant/.build/Build/Products/Debug/PackageFrameworks -F/Users/qiweili/Desktop/rxlab/linda-assistant/.build/Build/Products/Debug/PackageFrameworks -F/Users/qiweili/Desktop/rxlab/linda-assistant/.build/Build/Products/Debug/PackageFrameworks -F/Users/qiweili/Desktop/rxlab/linda-assistant/.build/Build/Products/Debug/PackageFrameworks -F/Users/qiweili/Desktop/rxlab/linda-assistant/.build/Build/Products/Debug/PackageFrameworks -F/Users/qiweili/Desktop/rxlab/linda-assistant/.build/Build/Products/Debug/PackageFrameworks -F/Users/qiweili/Desktop/rxlab/linda-assistant/.build/Build/Products/Debug/PackageFrameworks -F/Users/qiweili/Desktop/rxlab/linda-assistant/.build/Build/Products/Debug -Xlinker -rpath -Xlinker @executable_path -Xlinker -rpath -Xlinker /Users/qiweili/Desktop/rxlab/linda-assistant/.build/Build/Products/Debug/PackageFrameworks -Xlinker -rpath -Xlinker @executable_path/../Frameworks -rdynamic -Xlinker -no_deduplicate -e ___debug_blank_executor_main -Xlinker -sectcreate -Xlinker __TEXT -Xlinker __debug_dylib -Xlinker /Users/qiweili/Desktop/rxlab/linda-assistant/.build/Build/Intermediates.noindex/ios.build/Debug/ios.build/ios-DebugDylibPath-normal-arm64.txt -Xlinker -sectcreate -Xlinker __TEXT -Xlinker __debug_instlnm -Xlinker /Users/qiweili/Desktop/rxlab/linda-assistant/.build/Build/Intermediates.noindex/ios.build/Debug/ios.build/ios-DebugDylibInstallName-normal-arm64.txt -Xlinker -filelist -Xlinker /Users/qiweili/Desktop/rxlab/linda-assistant/.build/Build/Intermediates.noindex/ios.build/Debug/ios.build/ios-ExecutorLinkFileList-normal-arm64.txt /Users/qiweili/Desktop/rxlab/linda-assistant/.build/Build/Products/Debug/ios.app/Contents/MacOS/ios.debug.dylib -o /Users/qiweili/Desktop/rxlab/linda-assistant/.build/Build/Products/Debug/ios.app/Contents/MacOS/ios

CopySwiftLibs /Users/qiweili/Desktop/rxlab/linda-assistant/.build/Build/Products/Debug/ios.app (in target 'ios' from project 'ios')
    cd /Users/qiweili/Desktop/rxlab/linda-assistant/ios
    builtin-swiftStdLibTool --copy --verbose --scan-executable /Users/qiweili/Desktop/rxlab/linda-assistant/.build/Build/Products/Debug/ios.app/Contents/MacOS/ios.debug.dylib --scan-folder /Users/qiweili/Desktop/rxlab/linda-assistant/.build/Build/Products/Debug/ios.app/Contents/Frameworks --scan-folder /Users/qiweili/Desktop/rxlab/linda-assistant/.build/Build/Products/Debug/ios.app/Contents/PlugIns --scan-folder /Users/qiweili/Desktop/rxlab/linda-assistant/.build/Build/Products/Debug/ios.app/Contents/Library/SystemExtensions --scan-folder /Users/qiweili/Desktop/rxlab/linda-assistant/.build/Build/Products/Debug/ios.app/Contents/Extensions --platform macosx --toolchain /Applications/Xcode.app/Contents/Developer/Toolchains/XcodeDefault.xctoolchain --destination /Users/qiweili/Desktop/rxlab/linda-assistant/.build/Build/Products/Debug/ios.app/Contents/Frameworks --strip-bitcode --strip-bitcode-tool /Applications/Xcode.app/Contents/Developer/Toolchains/XcodeDefault.xctoolchain/usr/bin/bitcode_strip --emit-dependency-info /Users/qiweili/Desktop/rxlab/linda-assistant/.build/Build/Intermediates.noindex/ios.build/Debug/ios.build/SwiftStdLibToolInputDependencies.dep --filter-for-swift-os
Ignoring --strip-bitcode because --sign was not passed

ExtractAppIntentsMetadata (in target 'ios' from project 'ios')
    cd /Users/qiweili/Desktop/rxlab/linda-assistant/ios
    /Applications/Xcode.app/Contents/Developer/Toolchains/XcodeDefault.xctoolchain/usr/bin/appintentsmetadataprocessor --toolchain-dir /Applications/Xcode.app/Contents/Developer/Toolchains/XcodeDefault.xctoolchain --module-name ios --sdk-root /Applications/Xcode.app/Contents/Developer/Platforms/MacOSX.platform/Developer/SDKs/MacOSX26.2.sdk --xcode-version 17C519 --platform-family macOS --deployment-target 26.2 --bundle-identifier rxlab.lindaAssistant --output /Users/qiweili/Desktop/rxlab/linda-assistant/.build/Build/Products/Debug/ios.app/Contents/Resources --target-triple arm64-apple-macos26.2 --binary-file /Users/qiweili/Desktop/rxlab/linda-assistant/.build/Build/Products/Debug/ios.app/Contents/MacOS/ios --dependency-file /Users/qiweili/Desktop/rxlab/linda-assistant/.build/Build/Intermediates.noindex/ios.build/Debug/ios.build/Objects-normal/arm64/ios_dependency_info.dat --stringsdata-file /Users/qiweili/Desktop/rxlab/linda-assistant/.build/Build/Intermediates.noindex/ios.build/Debug/ios.build/Objects-normal/arm64/ExtractedAppShortcutsMetadata.stringsdata --source-file-list /Users/qiweili/Desktop/rxlab/linda-assistant/.build/Build/Intermediates.noindex/ios.build/Debug/ios.build/Objects-normal/arm64/ios.SwiftFileList --metadata-file-list /Users/qiweili/Desktop/rxlab/linda-assistant/.build/Build/Intermediates.noindex/ios.build/Debug/ios.build/ios.DependencyMetadataFileList --static-metadata-file-list /Users/qiweili/Desktop/rxlab/linda-assistant/.build/Build/Intermediates.noindex/ios.build/Debug/ios.build/ios.DependencyStaticMetadataFileList --swift-const-vals-list /Users/qiweili/Desktop/rxlab/linda-assistant/.build/Build/Intermediates.noindex/ios.build/Debug/ios.build/Objects-normal/arm64/ios.SwiftConstValuesFileList --compile-time-extraction --deployment-aware-processing --validate-assistant-intents --no-app-shortcuts-localization
2026-02-12 12:40:16.662 appintentsmetadataprocessor[57006:16603828] Starting appintentsmetadataprocessor export
2026-02-12 12:40:16.663 appintentsmetadataprocessor[57006:16603828] warning: Metadata extraction skipped. No AppIntents.framework dependency found.

** BUILD SUCCEEDED **

